
> gp-kio-v1@0.1.0 build
> next build

Γû▓ Next.js 16.1.6 (Turbopack)
- Environments: .env.local, .env

  Creating an optimized production build ...
Γ£ô Compiled successfully in 41s
  Running TypeScript ...
node.exe : Failed to compile.
At line:1 char:1
+ & "C:\Program Files\nodejs/node.exe" "C:\Program Files\nodejs/node_mo ...
+ ~~~~~~~~~~~~~~~~~~~~~~~~~~~~~~~~~~~~~~~~~~~~~~~~~~~~~~~~~~~~~~~~~~~~~
    + CategoryInfo          : NotSpecified: (Failed to compile.:String) [], RemoteException
    + FullyQualifiedErrorId : NativeCommandError
 

./src/components/ui/animations/ScrollReveal.tsx:35:13
Type error: Type 'Variants | { hidden: { opacity: number; y: number; }; visible: { opacity: number; y: number; 
transition: { duration: number; ease: string; staggerChildren: number; }; }; }' is not assignable to type 'Variants | 
undefined'.
  Type '{ hidden: { opacity: number; y: number; }; visible: { opacity: number; y: number; transition: { duration: 
number; ease: string; staggerChildren: number; }; }; }' is not assignable to type 'Variants'.
    Property 'visible' is incompatible with index signature.
      Type '{ opacity: number; y: number; transition: { duration: number; ease: string; staggerChildren: number; }; }' 
is not assignable to type 'Variant'.
        Type '{ opacity: number; y: number; transition: { duration: number; ease: string; staggerChildren: number; }; 
}' is not assignable to type 'TargetAndTransition'.
          Type '{ opacity: number; y: number; transition: { duration: number; ease: string; staggerChildren: number; 
}; }' is not assignable to type '{ transition?: Transition<any> | undefined; transitionEnd?: ResolvedValues$1 | 
undefined; }'.
            Types of property 'transition' are incompatible.
              Type '{ duration: number; ease: string; staggerChildren: number; }' is not assignable to type 
'Transition<any> | undefined'.
                Type '{ duration: number; ease: string; staggerChildren: number; }' is not assignable to type 
'TransitionWithValueOverrides<any>'.
                  Type '{ duration: number; ease: string; staggerChildren: number; }' is not assignable to type 
'ValueAnimationTransition<any>'.
                    Types of property 'ease' are incompatible.
                      Type 'string' is not assignable to type 'Easing | Easing[] | undefined'.

[0m [90m 33 |[39m     [36mreturn[39m (
 [90m 34 |[39m         [33m<[39m[33mmotion[39m[33m.[39mdiv
[31m[1m>[22m[39m[90m 35 |[39m             variants[33m=[39m{variants}
 [90m    |[39m             [31m[1m^[22m[39m
 [90m 36 |[39m             initial[33m=[39m[32m"hidden"[39m
 [90m 37 |[39m             whileInView[33m=[39m[32m"visible"[39m
 [90m 38 |[39m             viewport[33m=[39m{{ once[33m:[39m [36mtrue[39m[33m,[39m margin[33m:[39m 
[32m"-100px"[39m }}[0m
Next.js build worker exited with code: 1 and signal: null
